C166 COMPILER V7.00, U0C0                                                                  08/04/2019 12:21:54 PAGE 1   


C166 COMPILER V7.00, COMPILATION OF MODULE U0C0
OBJECT MODULE PLACED IN u0c0.OBJ
COMPILER INVOKED BY: C:\Program Files\Keil4Inf\C166\BIN\C166.EXE u0c0.c MODV2 BROWSE MODV2 DEBUG

 stmt lvl     source

    1         //****************************************************************************
    2         // @Module        Universal Serial Interface Channel (USIC) U0C0
    3         // @Filename      u0c0.c
    4         // @Project       ioPlusLIN.dav
    5         //----------------------------------------------------------------------------
    6         // @Controller    Infineon XC2234L-20F66L
    7         //
    8         // @Compiler      TASKING VX-toolset
    9         //
   10         // @Codegenerator 1.2
   11         //
   12         // @Description   This file contains functions that use the U0C0 module.
   13         //
   14         //----------------------------------------------------------------------------
   15         // @Date          2019/8/4 11:50:49
   16         //
   17         //****************************************************************************
   18         
   19         // USER CODE BEGIN (U0C0_General,1)
   20         
   21         // USER CODE END
   22         
   23         
   24         
   25         //****************************************************************************
   26         // @Project Includes
   27         //****************************************************************************
   28         
   29         #include "MAIN.h"
*** ERROR C42 IN LINE 339 OF SCS.H: 'Scs_EnableHighPrecOsc': not in formal parameter list
*** ERROR C42 IN LINE 343 OF SCS.H: 'Scs_ApplyNewK2Div': not in formal parameter list
*** ERROR C42 IN LINE 344 OF SCS.H: 'Scs_GoFromBaseModeToNormalMode': not in formal parameter list
*** ERROR C42 IN LINE 345 OF SCS.H: 'Scs_InitTimer': not in formal parameter list
*** ERROR C42 IN LINE 348 OF SCS.H: 'Scs_RestoreTimer': not in formal parameter list
*** WARNING C34 IN LINE 379 OF SCS.H: 'inline': missing declaration specifiers
*** ERROR C42 IN LINE 379 OF SCS.H: 'inline': not in formal parameter list
*** ERROR C25 IN LINE 379 OF SCS.H: syntax error near 'void'
*** ERROR C25 IN LINE 385 OF SCS.H: syntax error near 'uword'
*** ERROR C25 IN LINE 391 OF SCS.H: syntax error near 'uword'
*** WARNING C34 IN LINE 418 OF SCS.H: 'DestPtr': missing declaration specifiers
*** ERROR C42 IN LINE 418 OF SCS.H: 'DestPtr': not in formal parameter list
*** ERROR C25 IN LINE 419 OF SCS.H: syntax error near 'const'
*** WARNING C34 IN LINE 419 OF SCS.H: 'SrcPtr': missing declaration specifiers
*** ERROR C42 IN LINE 419 OF SCS.H: 'SrcPtr': not in formal parameter list
*** ERROR C25 IN LINE 419 OF SCS.H: syntax error near 'unsigned'
*** ERROR C142 IN LINE 424 OF SCS.H: illegal initialization
*** WARNING C34 IN LINE 425 OF SCS.H: 'DestPtr': missing declaration specifiers
*** ERROR C42 IN LINE 425 OF SCS.H: 'DestPtr': not in formal parameter list
*** ERROR C25 IN LINE 425 OF SCS.H: syntax error near '++'
   30         
   31         // USER CODE BEGIN (U0C0_General,2)
   32         
   33         // USER CODE END
   34         
   35         
C166 COMPILER V7.00, U0C0                                                                  08/04/2019 12:21:54 PAGE 2   

   36         //****************************************************************************
   37         // @Macros
   38         //****************************************************************************
   39         
   40         // USER CODE BEGIN (U0C0_General,3)
   41         
   42         // USER CODE END
   43         
   44         
   45         //****************************************************************************
   46         // @Defines
   47         //****************************************************************************
   48         
   49         // USER CODE BEGIN (U0C0_General,4)
   50         
   51         // USER CODE END
   52         
   53         
   54         //****************************************************************************
   55         // @Typedefs
   56         //****************************************************************************
   57         
   58         // USER CODE BEGIN (U0C0_General,5)
   59         
   60         // USER CODE END
   61         
   62         
   63         //****************************************************************************
   64         // @Imported Global Variables
   65         //****************************************************************************
   66         
   67         // USER CODE BEGIN (U0C0_General,6)
   68         
   69         // USER CODE END
   70         
   71         uword uwU0C0TBIENflag;          // Flag for Transmit Buffer Interrupt
   72         
   73         //****************************************************************************
   74         // @Global Variables
   75         //****************************************************************************
   76         
   77         // USER CODE BEGIN (U0C0_General,7)
   78         
   79         // USER CODE END
   80         
   81         
   82         //****************************************************************************
   83         // @External Prototypes
   84         //****************************************************************************
   85         
   86         // USER CODE BEGIN (U0C0_General,8)
   87         
   88         // USER CODE END
   89         
   90         
   91         
   92         
   93         //****************************************************************************
   94         // @Prototypes Of Local Functions
   95         //****************************************************************************
   96         
   97         // USER CODE BEGIN (U0C0_General,9)
C166 COMPILER V7.00, U0C0                                                                  08/04/2019 12:21:54 PAGE 3   

   98         
   99         // USER CODE END
  100         
  101         
  102         //****************************************************************************
  103         // @Function      void U0C0_ASC_vInit(void)
  104         //
  105         //----------------------------------------------------------------------------
  106         // @Description   This is the initialization function of the U0C0 function
  107         //                library. It is assumed that the SFRs used by this library
  108         //                are in reset state.
  109         //
  110         //----------------------------------------------------------------------------
  111         // @Returnvalue   None
  112         //
  113         //----------------------------------------------------------------------------
  114         // @Parameters    None
  115         //
  116         //----------------------------------------------------------------------------
  117         // @Date          2019/8/4
  118         //
  119         //****************************************************************************
  120         
  121         // USER CODE BEGIN (Init,1)
  122         
  123         // USER CODE END
  124         
  125         void U0C0_ASC_vInit(void)
  126         {
  127           // USER CODE BEGIN (Init,2)
  128         
  129           // USER CODE END
  130         
  131           ///  -----------------------------------------------------------------------
  132           ///  Configuration of the U0C0 Channel Control Register (Mode & Interrupts):
  133           ///  -----------------------------------------------------------------------
  134           /// - The USIC channel is disabled
  135           /// - The parity generation is disabled
  136         
  137           U0C0_CCR       =  0x0000;      // load U0C0 channel control register
*** ERROR C25 IN LINE 137 OF U0C0.C: syntax error near 'uword'
  138         
  139           ///  -----------------------------------------------------------------------
  140           ///  U0C0 ASC is configured for Full-Duplex Operation Mode:
  141           ///  -----------------------------------------------------------------------
  142         
  143           ///  -----------------------------------------------------------------------
  144           ///  Configuration of the U0C0 Fractional Divider:
  145           ///  -----------------------------------------------------------------------
  146           ///  - The Fractional divider is selected
  147           ///  - The step value STEP = 953
  148         
  149           U0C0_FDRL      =  0x83B9;      // load U0C0 fractional divider register
*** ERROR C25 IN LINE 149 OF U0C0.C: syntax error near 'uword'
  150         
  151           ///  -----------------------------------------------------------------------
  152           ///  Configuration of the U0C0 Baudrate Generator:
  153           ///  -----------------------------------------------------------------------
  154           ///  - The selected BaudRate is 19.200 kbaud
  155           ///  - The PreDivider for CTQ, PCTQ = 1
  156           ///  - The Denominator for CTQ, DCTQ = 15
  157           ///  - The Divider factor PDIV = 99
C166 COMPILER V7.00, U0C0                                                                  08/04/2019 12:21:54 PAGE 4   

  158         
  159           U0C0_BRGL      =  0x3D00;      // load U0C0 load baud rate generator 
*** ERROR C25 IN LINE 159 OF U0C0.C: syntax error near 'uword'
  160                                          // register L
  161         
  162           U0C0_BRGH      =  0x0063;      // load U0C0 load baud rate generator 
*** ERROR C25 IN LINE 162 OF U0C0.C: syntax error near 'uword'
  163                                          // register H
  164         
  165           ///  -----------------------------------------------------------------------
  166           ///  Configuration of the U0C0 Input Control Register 0:
  167           ///  -----------------------------------------------------------------------
  168           ///  - The data input DX0F is selected for pin - P2.4
  169         
  170           U0C0_DX0CR     =  0x0005;      // load U0C0 input control register(Data)
*** ERROR C25 IN LINE 170 OF U0C0.C: syntax error near 'uword'
*** ERROR C7 IN LINE 170 OF U0C0.C: compilation aborted

C166 COMPILATION COMPLETE.  4 WARNING(S),  22 ERROR(S)
